Copyright 1986-2022 Xilinx, Inc. All Rights Reserved. Copyright 2022-2024 Advanced Micro Devices, Inc. All Rights Reserved.
-----------------------------------------------------------------------------------------------------------------------------------------------------------------------------------------
| Tool Version : Vivado v.2024.1 (lin64) Build 5076996 Wed May 22 18:36:09 MDT 2024
| Date         : Tue Apr 21 21:01:33 2026
| Host         : archlinux running 64-bit Arch Linux
| Command      : report_methodology -file AD4030_BD_wrapper_methodology_drc_routed.rpt -pb AD4030_BD_wrapper_methodology_drc_routed.pb -rpx AD4030_BD_wrapper_methodology_drc_routed.rpx
| Design       : AD4030_BD_wrapper
| Device       : xc7z010clg400-1
| Speed File   : -1
| Design State : Fully Routed
-----------------------------------------------------------------------------------------------------------------------------------------------------------------------------------------

Report Methodology

Table of Contents
-----------------
1. REPORT SUMMARY
2. REPORT DETAILS

1. REPORT SUMMARY
-----------------
            Netlist: netlist
          Floorplan: design_1
      Design limits: <entire design considered>
             Max violations: <unlimited>
             Violations found: 78
+-----------+----------+---------------------------------------------+------------+
| Rule      | Severity | Description                                 | Violations |
+-----------+----------+---------------------------------------------+------------+
| LUTAR-1   | Warning  | LUT drives async reset alert                | 38         |
| TIMING-18 | Warning  | Missing input or output delay               | 14         |
| TIMING-20 | Warning  | Non-clocked latch                           | 23         |
| XDCB-5    | Warning  | Runtime inefficient way to find pin objects | 2          |
| LATCH-1   | Advisory | Existing latches in the design              | 1          |
+-----------+----------+---------------------------------------------+------------+

2. REPORT DETAILS
-----------------
LUTAR-1#1 Warning
LUT drives async reset alert  
LUT cell AD4030_BD_i/AD4030_0/U0/AD4030_spi_inst/ad4030_cfg_enabled_reg_i_2, with 2 or more inputs, drives asynchronous preset/clear pin(s) AD4030_BD_i/AD4030_0/U0/AD4030_spi_inst/ad4030_cfg_enabled_reg/PRE. The LUT may glitch and trigger an unexpected reset, even if it is a properly timed path.
Related violations: <none>

LUTAR-1#2 Warning
LUT drives async reset alert  
LUT cell AD4030_BD_i/AD4030_0/U0/AD4030_spi_inst/baud_count_limit_reg[0]_LDC_i_1, with 2 or more inputs, drives asynchronous preset/clear pin(s) AD4030_BD_i/AD4030_0/U0/AD4030_spi_inst/baud_count_limit_reg[0]_P/PRE. The LUT may glitch and trigger an unexpected reset, even if it is a properly timed path.
Related violations: <none>

LUTAR-1#3 Warning
LUT drives async reset alert  
LUT cell AD4030_BD_i/AD4030_0/U0/AD4030_spi_inst/baud_count_limit_reg[0]_LDC_i_2, with 2 or more inputs, drives asynchronous preset/clear pin(s) AD4030_BD_i/AD4030_0/U0/AD4030_spi_inst/baud_count_limit_reg[0]_C/CLR
AD4030_BD_i/AD4030_0/U0/AD4030_spi_inst/baud_count_limit_reg[0]_LDC/CLR. The LUT may glitch and trigger an unexpected reset, even if it is a properly timed path.
Related violations: <none>

LUTAR-1#4 Warning
LUT drives async reset alert  
LUT cell AD4030_BD_i/AD4030_0/U0/AD4030_spi_inst/baud_count_limit_reg[10]_LDC_i_1, with 2 or more inputs, drives asynchronous preset/clear pin(s) AD4030_BD_i/AD4030_0/U0/AD4030_spi_inst/baud_count_limit_reg[10]_P/PRE. The LUT may glitch and trigger an unexpected reset, even if it is a properly timed path.
Related violations: <none>

LUTAR-1#5 Warning
LUT drives async reset alert  
LUT cell AD4030_BD_i/AD4030_0/U0/AD4030_spi_inst/baud_count_limit_reg[10]_LDC_i_2, with 2 or more inputs, drives asynchronous preset/clear pin(s) AD4030_BD_i/AD4030_0/U0/AD4030_spi_inst/baud_count_limit_reg[10]_C/CLR
AD4030_BD_i/AD4030_0/U0/AD4030_spi_inst/baud_count_limit_reg[10]_LDC/CLR. The LUT may glitch and trigger an unexpected reset, even if it is a properly timed path.
Related violations: <none>

LUTAR-1#6 Warning
LUT drives async reset alert  
LUT cell AD4030_BD_i/AD4030_0/U0/AD4030_spi_inst/baud_count_limit_reg[11]_LDC_i_1, with 2 or more inputs, drives asynchronous preset/clear pin(s) AD4030_BD_i/AD4030_0/U0/AD4030_spi_inst/baud_count_limit_reg[11]_P/PRE. The LUT may glitch and trigger an unexpected reset, even if it is a properly timed path.
Related violations: <none>

LUTAR-1#7 Warning
LUT drives async reset alert  
LUT cell AD4030_BD_i/AD4030_0/U0/AD4030_spi_inst/baud_count_limit_reg[11]_LDC_i_2, with 2 or more inputs, drives asynchronous preset/clear pin(s) AD4030_BD_i/AD4030_0/U0/AD4030_spi_inst/baud_count_limit_reg[11]_C/CLR
AD4030_BD_i/AD4030_0/U0/AD4030_spi_inst/baud_count_limit_reg[11]_LDC/CLR. The LUT may glitch and trigger an unexpected reset, even if it is a properly timed path.
Related violations: <none>

LUTAR-1#8 Warning
LUT drives async reset alert  
LUT cell AD4030_BD_i/AD4030_0/U0/AD4030_spi_inst/baud_count_limit_reg[12]_LDC_i_1, with 2 or more inputs, drives asynchronous preset/clear pin(s) AD4030_BD_i/AD4030_0/U0/AD4030_spi_inst/baud_count_limit_reg[12]_P/PRE. The LUT may glitch and trigger an unexpected reset, even if it is a properly timed path.
Related violations: <none>

LUTAR-1#9 Warning
LUT drives async reset alert  
LUT cell AD4030_BD_i/AD4030_0/U0/AD4030_spi_inst/baud_count_limit_reg[12]_LDC_i_2, with 2 or more inputs, drives asynchronous preset/clear pin(s) AD4030_BD_i/AD4030_0/U0/AD4030_spi_inst/baud_count_limit_reg[12]_C/CLR
AD4030_BD_i/AD4030_0/U0/AD4030_spi_inst/baud_count_limit_reg[12]_LDC/CLR. The LUT may glitch and trigger an unexpected reset, even if it is a properly timed path.
Related violations: <none>

LUTAR-1#10 Warning
LUT drives async reset alert  
LUT cell AD4030_BD_i/AD4030_0/U0/AD4030_spi_inst/baud_count_limit_reg[13]_LDC_i_1, with 2 or more inputs, drives asynchronous preset/clear pin(s) AD4030_BD_i/AD4030_0/U0/AD4030_spi_inst/baud_count_limit_reg[13]_P/PRE. The LUT may glitch and trigger an unexpected reset, even if it is a properly timed path.
Related violations: <none>

LUTAR-1#11 Warning
LUT drives async reset alert  
LUT cell AD4030_BD_i/AD4030_0/U0/AD4030_spi_inst/baud_count_limit_reg[13]_LDC_i_2, with 2 or more inputs, drives asynchronous preset/clear pin(s) AD4030_BD_i/AD4030_0/U0/AD4030_spi_inst/baud_count_limit_reg[13]_C/CLR
AD4030_BD_i/AD4030_0/U0/AD4030_spi_inst/baud_count_limit_reg[13]_LDC/CLR. The LUT may glitch and trigger an unexpected reset, even if it is a properly timed path.
Related violations: <none>

LUTAR-1#12 Warning
LUT drives async reset alert  
LUT cell AD4030_BD_i/AD4030_0/U0/AD4030_spi_inst/baud_count_limit_reg[14]_LDC_i_1, with 2 or more inputs, drives asynchronous preset/clear pin(s) AD4030_BD_i/AD4030_0/U0/AD4030_spi_inst/baud_count_limit_reg[14]_P/PRE. The LUT may glitch and trigger an unexpected reset, even if it is a properly timed path.
Related violations: <none>

LUTAR-1#13 Warning
LUT drives async reset alert  
LUT cell AD4030_BD_i/AD4030_0/U0/AD4030_spi_inst/baud_count_limit_reg[14]_LDC_i_2, with 2 or more inputs, drives asynchronous preset/clear pin(s) AD4030_BD_i/AD4030_0/U0/AD4030_spi_inst/baud_count_limit_reg[14]_C/CLR
AD4030_BD_i/AD4030_0/U0/AD4030_spi_inst/baud_count_limit_reg[14]_LDC/CLR. The LUT may glitch and trigger an unexpected reset, even if it is a properly timed path.
Related violations: <none>

LUTAR-1#14 Warning
LUT drives async reset alert  
LUT cell AD4030_BD_i/AD4030_0/U0/AD4030_spi_inst/baud_count_limit_reg[15]_LDC_i_1, with 2 or more inputs, drives asynchronous preset/clear pin(s) AD4030_BD_i/AD4030_0/U0/AD4030_spi_inst/baud_count_limit_reg[15]_P/PRE. The LUT may glitch and trigger an unexpected reset, even if it is a properly timed path.
Related violations: <none>

LUTAR-1#15 Warning
LUT drives async reset alert  
LUT cell AD4030_BD_i/AD4030_0/U0/AD4030_spi_inst/baud_count_limit_reg[15]_LDC_i_2, with 2 or more inputs, drives asynchronous preset/clear pin(s) AD4030_BD_i/AD4030_0/U0/AD4030_spi_inst/baud_count_limit_reg[15]_C/CLR
AD4030_BD_i/AD4030_0/U0/AD4030_spi_inst/baud_count_limit_reg[15]_LDC/CLR. The LUT may glitch and trigger an unexpected reset, even if it is a properly timed path.
Related violations: <none>

LUTAR-1#16 Warning
LUT drives async reset alert  
LUT cell AD4030_BD_i/AD4030_0/U0/AD4030_spi_inst/baud_count_limit_reg[1]_LDC_i_1, with 2 or more inputs, drives asynchronous preset/clear pin(s) AD4030_BD_i/AD4030_0/U0/AD4030_spi_inst/baud_count_limit_reg[1]_P/PRE. The LUT may glitch and trigger an unexpected reset, even if it is a properly timed path.
Related violations: <none>

LUTAR-1#17 Warning
LUT drives async reset alert  
LUT cell AD4030_BD_i/AD4030_0/U0/AD4030_spi_inst/baud_count_limit_reg[1]_LDC_i_2, with 2 or more inputs, drives asynchronous preset/clear pin(s) AD4030_BD_i/AD4030_0/U0/AD4030_spi_inst/baud_count_limit_reg[1]_C/CLR
AD4030_BD_i/AD4030_0/U0/AD4030_spi_inst/baud_count_limit_reg[1]_LDC/CLR. The LUT may glitch and trigger an unexpected reset, even if it is a properly timed path.
Related violations: <none>

LUTAR-1#18 Warning
LUT drives async reset alert  
LUT cell AD4030_BD_i/AD4030_0/U0/AD4030_spi_inst/baud_count_limit_reg[2]_LDC_i_1, with 2 or more inputs, drives asynchronous preset/clear pin(s) AD4030_BD_i/AD4030_0/U0/AD4030_spi_inst/baud_count_limit_reg[2]_P/PRE. The LUT may glitch and trigger an unexpected reset, even if it is a properly timed path.
Related violations: <none>

LUTAR-1#19 Warning
LUT drives async reset alert  
LUT cell AD4030_BD_i/AD4030_0/U0/AD4030_spi_inst/baud_count_limit_reg[2]_LDC_i_2, with 2 or more inputs, drives asynchronous preset/clear pin(s) AD4030_BD_i/AD4030_0/U0/AD4030_spi_inst/baud_count_limit_reg[2]_C/CLR
AD4030_BD_i/AD4030_0/U0/AD4030_spi_inst/baud_count_limit_reg[2]_LDC/CLR. The LUT may glitch and trigger an unexpected reset, even if it is a properly timed path.
Related violations: <none>

LUTAR-1#20 Warning
LUT drives async reset alert  
LUT cell AD4030_BD_i/AD4030_0/U0/AD4030_spi_inst/baud_count_limit_reg[3]_LDC_i_1, with 2 or more inputs, drives asynchronous preset/clear pin(s) AD4030_BD_i/AD4030_0/U0/AD4030_spi_inst/baud_count_limit_reg[3]_P/PRE. The LUT may glitch and trigger an unexpected reset, even if it is a properly timed path.
Related violations: <none>

LUTAR-1#21 Warning
LUT drives async reset alert  
LUT cell AD4030_BD_i/AD4030_0/U0/AD4030_spi_inst/baud_count_limit_reg[3]_LDC_i_2, with 2 or more inputs, drives asynchronous preset/clear pin(s) AD4030_BD_i/AD4030_0/U0/AD4030_spi_inst/baud_count_limit_reg[3]_C/CLR
AD4030_BD_i/AD4030_0/U0/AD4030_spi_inst/baud_count_limit_reg[3]_LDC/CLR. The LUT may glitch and trigger an unexpected reset, even if it is a properly timed path.
Related violations: <none>

LUTAR-1#22 Warning
LUT drives async reset alert  
LUT cell AD4030_BD_i/AD4030_0/U0/AD4030_spi_inst/baud_count_limit_reg[4]_LDC_i_1, with 2 or more inputs, drives asynchronous preset/clear pin(s) AD4030_BD_i/AD4030_0/U0/AD4030_spi_inst/baud_count_limit_reg[4]_P/PRE. The LUT may glitch and trigger an unexpected reset, even if it is a properly timed path.
Related violations: <none>

LUTAR-1#23 Warning
LUT drives async reset alert  
LUT cell AD4030_BD_i/AD4030_0/U0/AD4030_spi_inst/baud_count_limit_reg[4]_LDC_i_2, with 2 or more inputs, drives asynchronous preset/clear pin(s) AD4030_BD_i/AD4030_0/U0/AD4030_spi_inst/baud_count_limit_reg[4]_C/CLR
AD4030_BD_i/AD4030_0/U0/AD4030_spi_inst/baud_count_limit_reg[4]_LDC/CLR. The LUT may glitch and trigger an unexpected reset, even if it is a properly timed path.
Related violations: <none>

LUTAR-1#24 Warning
LUT drives async reset alert  
LUT cell AD4030_BD_i/AD4030_0/U0/AD4030_spi_inst/baud_count_limit_reg[5]_LDC_i_1, with 2 or more inputs, drives asynchronous preset/clear pin(s) AD4030_BD_i/AD4030_0/U0/AD4030_spi_inst/baud_count_limit_reg[5]_P/PRE. The LUT may glitch and trigger an unexpected reset, even if it is a properly timed path.
Related violations: <none>

LUTAR-1#25 Warning
LUT drives async reset alert  
LUT cell AD4030_BD_i/AD4030_0/U0/AD4030_spi_inst/baud_count_limit_reg[5]_LDC_i_2, with 2 or more inputs, drives asynchronous preset/clear pin(s) AD4030_BD_i/AD4030_0/U0/AD4030_spi_inst/baud_count_limit_reg[5]_C/CLR
AD4030_BD_i/AD4030_0/U0/AD4030_spi_inst/baud_count_limit_reg[5]_LDC/CLR. The LUT may glitch and trigger an unexpected reset, even if it is a properly timed path.
Related violations: <none>

LUTAR-1#26 Warning
LUT drives async reset alert  
LUT cell AD4030_BD_i/AD4030_0/U0/AD4030_spi_inst/baud_count_limit_reg[6]_LDC_i_1, with 2 or more inputs, drives asynchronous preset/clear pin(s) AD4030_BD_i/AD4030_0/U0/AD4030_spi_inst/baud_count_limit_reg[6]_P/PRE. The LUT may glitch and trigger an unexpected reset, even if it is a properly timed path.
Related violations: <none>

LUTAR-1#27 Warning
LUT drives async reset alert  
LUT cell AD4030_BD_i/AD4030_0/U0/AD4030_spi_inst/baud_count_limit_reg[6]_LDC_i_2, with 2 or more inputs, drives asynchronous preset/clear pin(s) AD4030_BD_i/AD4030_0/U0/AD4030_spi_inst/baud_count_limit_reg[6]_C/CLR
AD4030_BD_i/AD4030_0/U0/AD4030_spi_inst/baud_count_limit_reg[6]_LDC/CLR. The LUT may glitch and trigger an unexpected reset, even if it is a properly timed path.
Related violations: <none>

LUTAR-1#28 Warning
LUT drives async reset alert  
LUT cell AD4030_BD_i/AD4030_0/U0/AD4030_spi_inst/baud_count_limit_reg[7]_LDC_i_1, with 2 or more inputs, drives asynchronous preset/clear pin(s) AD4030_BD_i/AD4030_0/U0/AD4030_spi_inst/baud_count_limit_reg[7]_P/PRE. The LUT may glitch and trigger an unexpected reset, even if it is a properly timed path.
Related violations: <none>

LUTAR-1#29 Warning
LUT drives async reset alert  
LUT cell AD4030_BD_i/AD4030_0/U0/AD4030_spi_inst/baud_count_limit_reg[7]_LDC_i_2, with 2 or more inputs, drives asynchronous preset/clear pin(s) AD4030_BD_i/AD4030_0/U0/AD4030_spi_inst/baud_count_limit_reg[7]_C/CLR
AD4030_BD_i/AD4030_0/U0/AD4030_spi_inst/baud_count_limit_reg[7]_LDC/CLR. The LUT may glitch and trigger an unexpected reset, even if it is a properly timed path.
Related violations: <none>

LUTAR-1#30 Warning
LUT drives async reset alert  
LUT cell AD4030_BD_i/AD4030_0/U0/AD4030_spi_inst/baud_count_limit_reg[8]_LDC_i_1, with 2 or more inputs, drives asynchronous preset/clear pin(s) AD4030_BD_i/AD4030_0/U0/AD4030_spi_inst/baud_count_limit_reg[8]_P/PRE. The LUT may glitch and trigger an unexpected reset, even if it is a properly timed path.
Related violations: <none>

LUTAR-1#31 Warning
LUT drives async reset alert  
LUT cell AD4030_BD_i/AD4030_0/U0/AD4030_spi_inst/baud_count_limit_reg[8]_LDC_i_2, with 2 or more inputs, drives asynchronous preset/clear pin(s) AD4030_BD_i/AD4030_0/U0/AD4030_spi_inst/baud_count_limit_reg[8]_C/CLR
AD4030_BD_i/AD4030_0/U0/AD4030_spi_inst/baud_count_limit_reg[8]_LDC/CLR. The LUT may glitch and trigger an unexpected reset, even if it is a properly timed path.
Related violations: <none>

LUTAR-1#32 Warning
LUT drives async reset alert  
LUT cell AD4030_BD_i/AD4030_0/U0/AD4030_spi_inst/baud_count_limit_reg[9]_LDC_i_1, with 2 or more inputs, drives asynchronous preset/clear pin(s) AD4030_BD_i/AD4030_0/U0/AD4030_spi_inst/baud_count_limit_reg[9]_P/PRE. The LUT may glitch and trigger an unexpected reset, even if it is a properly timed path.
Related violations: <none>

LUTAR-1#33 Warning
LUT drives async reset alert  
LUT cell AD4030_BD_i/AD4030_0/U0/AD4030_spi_inst/baud_count_limit_reg[9]_LDC_i_2, with 2 or more inputs, drives asynchronous preset/clear pin(s) AD4030_BD_i/AD4030_0/U0/AD4030_spi_inst/baud_count_limit_reg[9]_C/CLR
AD4030_BD_i/AD4030_0/U0/AD4030_spi_inst/baud_count_limit_reg[9]_LDC/CLR. The LUT may glitch and trigger an unexpected reset, even if it is a properly timed path.
Related violations: <none>

LUTAR-1#34 Warning
LUT drives async reset alert  
LUT cell AD4030_BD_i/AD4030_0/U0/AD4030_spi_inst/cnv_generator/pulse_out_reg_i_2, with 2 or more inputs, drives asynchronous preset/clear pin(s) AD4030_BD_i/AD4030_0/U0/AD4030_spi_inst/cnv_generator/pulse_out_reg/PRE. The LUT may glitch and trigger an unexpected reset, even if it is a properly timed path.
Related violations: <none>

LUTAR-1#35 Warning
LUT drives async reset alert  
LUT cell dbg_hub/inst/BSCANID.u_xsdbm_id/CORE_XSDB.UUT_MASTER/U_ICON_INTERFACE/U_CMD6_RD/U_RD_FIFO/SUBCORE_FIFO.xsdbm_v3_0_2_rdfifo_inst/inst_fifo_gen/gconvfifo.rf/grf.rf/rstblk/ngwrdrst.grst.g7serrst.gwrrd_rst_sync_stage[2].rrst_inst/ngwrdrst.grst.g7serrst.rd_rst_reg[2]_i_1, with 2 or more inputs, drives asynchronous preset/clear pin(s) dbg_hub/inst/BSCANID.u_xsdbm_id/CORE_XSDB.UUT_MASTER/U_ICON_INTERFACE/U_CMD6_RD/U_RD_FIFO/SUBCORE_FIFO.xsdbm_v3_0_2_rdfifo_inst/inst_fifo_gen/gconvfifo.rf/grf.rf/rstblk/ngwrdrst.grst.g7serrst.rd_rst_reg_reg[0]/PRE,
dbg_hub/inst/BSCANID.u_xsdbm_id/CORE_XSDB.UUT_MASTER/U_ICON_INTERFACE/U_CMD6_RD/U_RD_FIFO/SUBCORE_FIFO.xsdbm_v3_0_2_rdfifo_inst/inst_fifo_gen/gconvfifo.rf/grf.rf/rstblk/ngwrdrst.grst.g7serrst.rd_rst_reg_reg[1]/PRE
dbg_hub/inst/BSCANID.u_xsdbm_id/CORE_XSDB.UUT_MASTER/U_ICON_INTERFACE/U_CMD6_RD/U_RD_FIFO/SUBCORE_FIFO.xsdbm_v3_0_2_rdfifo_inst/inst_fifo_gen/gconvfifo.rf/grf.rf/rstblk/ngwrdrst.grst.g7serrst.rd_rst_reg_reg[2]/PRE. The LUT may glitch and trigger an unexpected reset, even if it is a properly timed path.
Related violations: <none>

LUTAR-1#36 Warning
LUT drives async reset alert  
LUT cell dbg_hub/inst/BSCANID.u_xsdbm_id/CORE_XSDB.UUT_MASTER/U_ICON_INTERFACE/U_CMD6_RD/U_RD_FIFO/SUBCORE_FIFO.xsdbm_v3_0_2_rdfifo_inst/inst_fifo_gen/gconvfifo.rf/grf.rf/rstblk/ngwrdrst.grst.g7serrst.gwrrd_rst_sync_stage[2].wrst_inst/ngwrdrst.grst.g7serrst.wr_rst_reg[2]_i_1, with 2 or more inputs, drives asynchronous preset/clear pin(s) dbg_hub/inst/BSCANID.u_xsdbm_id/CORE_XSDB.UUT_MASTER/U_ICON_INTERFACE/U_CMD6_RD/U_RD_FIFO/SUBCORE_FIFO.xsdbm_v3_0_2_rdfifo_inst/inst_fifo_gen/gconvfifo.rf/grf.rf/rstblk/ngwrdrst.grst.g7serrst.wr_rst_reg_reg[0]/PRE,
dbg_hub/inst/BSCANID.u_xsdbm_id/CORE_XSDB.UUT_MASTER/U_ICON_INTERFACE/U_CMD6_RD/U_RD_FIFO/SUBCORE_FIFO.xsdbm_v3_0_2_rdfifo_inst/inst_fifo_gen/gconvfifo.rf/grf.rf/rstblk/ngwrdrst.grst.g7serrst.wr_rst_reg_reg[1]/PRE
dbg_hub/inst/BSCANID.u_xsdbm_id/CORE_XSDB.UUT_MASTER/U_ICON_INTERFACE/U_CMD6_RD/U_RD_FIFO/SUBCORE_FIFO.xsdbm_v3_0_2_rdfifo_inst/inst_fifo_gen/gconvfifo.rf/grf.rf/rstblk/ngwrdrst.grst.g7serrst.wr_rst_reg_reg[2]/PRE. The LUT may glitch and trigger an unexpected reset, even if it is a properly timed path.
Related violations: <none>

LUTAR-1#37 Warning
LUT drives async reset alert  
LUT cell dbg_hub/inst/BSCANID.u_xsdbm_id/CORE_XSDB.UUT_MASTER/U_ICON_INTERFACE/U_CMD6_WR/U_WR_FIFO/SUBCORE_FIFO.xsdbm_v3_0_2_wrfifo_inst/inst_fifo_gen/gconvfifo.rf/grf.rf/rstblk/ngwrdrst.grst.g7serrst.gwrrd_rst_sync_stage[2].rrst_inst/ngwrdrst.grst.g7serrst.rd_rst_reg[2]_i_1, with 2 or more inputs, drives asynchronous preset/clear pin(s) dbg_hub/inst/BSCANID.u_xsdbm_id/CORE_XSDB.UUT_MASTER/U_ICON_INTERFACE/U_CMD6_WR/U_WR_FIFO/SUBCORE_FIFO.xsdbm_v3_0_2_wrfifo_inst/inst_fifo_gen/gconvfifo.rf/grf.rf/rstblk/ngwrdrst.grst.g7serrst.rd_rst_reg_reg[0]/PRE,
dbg_hub/inst/BSCANID.u_xsdbm_id/CORE_XSDB.UUT_MASTER/U_ICON_INTERFACE/U_CMD6_WR/U_WR_FIFO/SUBCORE_FIFO.xsdbm_v3_0_2_wrfifo_inst/inst_fifo_gen/gconvfifo.rf/grf.rf/rstblk/ngwrdrst.grst.g7serrst.rd_rst_reg_reg[1]/PRE
dbg_hub/inst/BSCANID.u_xsdbm_id/CORE_XSDB.UUT_MASTER/U_ICON_INTERFACE/U_CMD6_WR/U_WR_FIFO/SUBCORE_FIFO.xsdbm_v3_0_2_wrfifo_inst/inst_fifo_gen/gconvfifo.rf/grf.rf/rstblk/ngwrdrst.grst.g7serrst.rd_rst_reg_reg[2]/PRE. The LUT may glitch and trigger an unexpected reset, even if it is a properly timed path.
Related violations: <none>

LUTAR-1#38 Warning
LUT drives async reset alert  
LUT cell dbg_hub/inst/BSCANID.u_xsdbm_id/CORE_XSDB.UUT_MASTER/U_ICON_INTERFACE/U_CMD6_WR/U_WR_FIFO/SUBCORE_FIFO.xsdbm_v3_0_2_wrfifo_inst/inst_fifo_gen/gconvfifo.rf/grf.rf/rstblk/ngwrdrst.grst.g7serrst.gwrrd_rst_sync_stage[2].wrst_inst/ngwrdrst.grst.g7serrst.wr_rst_reg[2]_i_1, with 2 or more inputs, drives asynchronous preset/clear pin(s) dbg_hub/inst/BSCANID.u_xsdbm_id/CORE_XSDB.UUT_MASTER/U_ICON_INTERFACE/U_CMD6_WR/U_WR_FIFO/SUBCORE_FIFO.xsdbm_v3_0_2_wrfifo_inst/inst_fifo_gen/gconvfifo.rf/grf.rf/rstblk/ngwrdrst.grst.g7serrst.wr_rst_reg_reg[0]/PRE,
dbg_hub/inst/BSCANID.u_xsdbm_id/CORE_XSDB.UUT_MASTER/U_ICON_INTERFACE/U_CMD6_WR/U_WR_FIFO/SUBCORE_FIFO.xsdbm_v3_0_2_wrfifo_inst/inst_fifo_gen/gconvfifo.rf/grf.rf/rstblk/ngwrdrst.grst.g7serrst.wr_rst_reg_reg[1]/PRE
dbg_hub/inst/BSCANID.u_xsdbm_id/CORE_XSDB.UUT_MASTER/U_ICON_INTERFACE/U_CMD6_WR/U_WR_FIFO/SUBCORE_FIFO.xsdbm_v3_0_2_wrfifo_inst/inst_fifo_gen/gconvfifo.rf/grf.rf/rstblk/ngwrdrst.grst.g7serrst.wr_rst_reg_reg[2]/PRE. The LUT may glitch and trigger an unexpected reset, even if it is a properly timed path.
Related violations: <none>

TIMING-18#1 Warning
Missing input or output delay  
An input delay is missing on adc_busy_in relative to the rising and/or falling clock edge(s) of clk_fpga_0.
Related violations: <none>

TIMING-18#2 Warning
Missing input or output delay  
An input delay is missing on adc_miso0_in relative to the rising and/or falling clock edge(s) of clk_fpga_0.
Related violations: <none>

TIMING-18#3 Warning
Missing input or output delay  
An input delay is missing on adc_miso1_in relative to the rising and/or falling clock edge(s) of clk_fpga_0.
Related violations: <none>

TIMING-18#4 Warning
Missing input or output delay  
An input delay is missing on adc_miso2_in relative to the rising and/or falling clock edge(s) of clk_fpga_0.
Related violations: <none>

TIMING-18#5 Warning
Missing input or output delay  
An input delay is missing on adc_miso3_in relative to the rising and/or falling clock edge(s) of clk_fpga_0.
Related violations: <none>

TIMING-18#6 Warning
Missing input or output delay  
An output delay is missing on adc_cs_n_out relative to the rising and/or falling clock edge(s) of clk_fpga_0.
Related violations: <none>

TIMING-18#7 Warning
Missing input or output delay  
An output delay is missing on adc_mosi_out relative to the rising and/or falling clock edge(s) of clk_fpga_0.
Related violations: <none>

TIMING-18#8 Warning
Missing input or output delay  
An output delay is missing on adc_sclk_out relative to the rising and/or falling clock edge(s) of clk_fpga_0.
Related violations: <none>

TIMING-18#9 Warning
Missing input or output delay  
An output delay is missing on gain_tri_o[0] relative to the rising and/or falling clock edge(s) of clk_fpga_0.
Related violations: <none>

TIMING-18#10 Warning
Missing input or output delay  
An output delay is missing on gain_tri_o[1] relative to the rising and/or falling clock edge(s) of clk_fpga_0.
Related violations: <none>

TIMING-18#11 Warning
Missing input or output delay  
An output delay is missing on leds_4bits_tri_o[0] relative to the rising and/or falling clock edge(s) of clk_fpga_0.
Related violations: <none>

TIMING-18#12 Warning
Missing input or output delay  
An output delay is missing on leds_4bits_tri_o[1] relative to the rising and/or falling clock edge(s) of clk_fpga_0.
Related violations: <none>

TIMING-18#13 Warning
Missing input or output delay  
An output delay is missing on leds_4bits_tri_o[2] relative to the rising and/or falling clock edge(s) of clk_fpga_0.
Related violations: <none>

TIMING-18#14 Warning
Missing input or output delay  
An output delay is missing on leds_4bits_tri_o[3] relative to the rising and/or falling clock edge(s) of clk_fpga_0.
Related violations: <none>

TIMING-20#1 Warning
Non-clocked latch  
The latch AD4030_BD_i/AD4030_0/U0/AD4030_spi_inst/ad4030_cfg_enabled_reg/L7 (in AD4030_BD_i/AD4030_0/U0/AD4030_spi_inst/ad4030_cfg_enabled_reg macro) cannot be properly analyzed as its control pin AD4030_BD_i/AD4030_0/U0/AD4030_spi_inst/ad4030_cfg_enabled_reg/L7/G is not reached by a timing clock
Related violations: <none>

TIMING-20#2 Warning
Non-clocked latch  
The latch AD4030_BD_i/AD4030_0/U0/AD4030_spi_inst/ad4030_line_md_reg[0] cannot be properly analyzed as its control pin AD4030_BD_i/AD4030_0/U0/AD4030_spi_inst/ad4030_line_md_reg[0]/G is not reached by a timing clock
Related violations: <none>

TIMING-20#3 Warning
Non-clocked latch  
The latch AD4030_BD_i/AD4030_0/U0/AD4030_spi_inst/ad4030_line_md_reg[1] cannot be properly analyzed as its control pin AD4030_BD_i/AD4030_0/U0/AD4030_spi_inst/ad4030_line_md_reg[1]/G is not reached by a timing clock
Related violations: <none>

TIMING-20#4 Warning
Non-clocked latch  
The latch AD4030_BD_i/AD4030_0/U0/AD4030_spi_inst/ad4030_out_data_md_reg[0] cannot be properly analyzed as its control pin AD4030_BD_i/AD4030_0/U0/AD4030_spi_inst/ad4030_out_data_md_reg[0]/G is not reached by a timing clock
Related violations: <none>

TIMING-20#5 Warning
Non-clocked latch  
The latch AD4030_BD_i/AD4030_0/U0/AD4030_spi_inst/ad4030_out_data_md_reg[1] cannot be properly analyzed as its control pin AD4030_BD_i/AD4030_0/U0/AD4030_spi_inst/ad4030_out_data_md_reg[1]/G is not reached by a timing clock
Related violations: <none>

TIMING-20#6 Warning
Non-clocked latch  
The latch AD4030_BD_i/AD4030_0/U0/AD4030_spi_inst/ad4030_out_data_md_reg[2] cannot be properly analyzed as its control pin AD4030_BD_i/AD4030_0/U0/AD4030_spi_inst/ad4030_out_data_md_reg[2]/G is not reached by a timing clock
Related violations: <none>

TIMING-20#7 Warning
Non-clocked latch  
The latch AD4030_BD_i/AD4030_0/U0/AD4030_spi_inst/baud_count_limit_reg[0]_LDC cannot be properly analyzed as its control pin AD4030_BD_i/AD4030_0/U0/AD4030_spi_inst/baud_count_limit_reg[0]_LDC/G is not reached by a timing clock
Related violations: <none>

TIMING-20#8 Warning
Non-clocked latch  
The latch AD4030_BD_i/AD4030_0/U0/AD4030_spi_inst/baud_count_limit_reg[10]_LDC cannot be properly analyzed as its control pin AD4030_BD_i/AD4030_0/U0/AD4030_spi_inst/baud_count_limit_reg[10]_LDC/G is not reached by a timing clock
Related violations: <none>

TIMING-20#9 Warning
Non-clocked latch  
The latch AD4030_BD_i/AD4030_0/U0/AD4030_spi_inst/baud_count_limit_reg[11]_LDC cannot be properly analyzed as its control pin AD4030_BD_i/AD4030_0/U0/AD4030_spi_inst/baud_count_limit_reg[11]_LDC/G is not reached by a timing clock
Related violations: <none>

TIMING-20#10 Warning
Non-clocked latch  
The latch AD4030_BD_i/AD4030_0/U0/AD4030_spi_inst/baud_count_limit_reg[12]_LDC cannot be properly analyzed as its control pin AD4030_BD_i/AD4030_0/U0/AD4030_spi_inst/baud_count_limit_reg[12]_LDC/G is not reached by a timing clock
Related violations: <none>

TIMING-20#11 Warning
Non-clocked latch  
The latch AD4030_BD_i/AD4030_0/U0/AD4030_spi_inst/baud_count_limit_reg[13]_LDC cannot be properly analyzed as its control pin AD4030_BD_i/AD4030_0/U0/AD4030_spi_inst/baud_count_limit_reg[13]_LDC/G is not reached by a timing clock
Related violations: <none>

TIMING-20#12 Warning
Non-clocked latch  
The latch AD4030_BD_i/AD4030_0/U0/AD4030_spi_inst/baud_count_limit_reg[14]_LDC cannot be properly analyzed as its control pin AD4030_BD_i/AD4030_0/U0/AD4030_spi_inst/baud_count_limit_reg[14]_LDC/G is not reached by a timing clock
Related violations: <none>

TIMING-20#13 Warning
Non-clocked latch  
The latch AD4030_BD_i/AD4030_0/U0/AD4030_spi_inst/baud_count_limit_reg[15]_LDC cannot be properly analyzed as its control pin AD4030_BD_i/AD4030_0/U0/AD4030_spi_inst/baud_count_limit_reg[15]_LDC/G is not reached by a timing clock
Related violations: <none>

TIMING-20#14 Warning
Non-clocked latch  
The latch AD4030_BD_i/AD4030_0/U0/AD4030_spi_inst/baud_count_limit_reg[1]_LDC cannot be properly analyzed as its control pin AD4030_BD_i/AD4030_0/U0/AD4030_spi_inst/baud_count_limit_reg[1]_LDC/G is not reached by a timing clock
Related violations: <none>

TIMING-20#15 Warning
Non-clocked latch  
The latch AD4030_BD_i/AD4030_0/U0/AD4030_spi_inst/baud_count_limit_reg[2]_LDC cannot be properly analyzed as its control pin AD4030_BD_i/AD4030_0/U0/AD4030_spi_inst/baud_count_limit_reg[2]_LDC/G is not reached by a timing clock
Related violations: <none>

TIMING-20#16 Warning
Non-clocked latch  
The latch AD4030_BD_i/AD4030_0/U0/AD4030_spi_inst/baud_count_limit_reg[3]_LDC cannot be properly analyzed as its control pin AD4030_BD_i/AD4030_0/U0/AD4030_spi_inst/baud_count_limit_reg[3]_LDC/G is not reached by a timing clock
Related violations: <none>

TIMING-20#17 Warning
Non-clocked latch  
The latch AD4030_BD_i/AD4030_0/U0/AD4030_spi_inst/baud_count_limit_reg[4]_LDC cannot be properly analyzed as its control pin AD4030_BD_i/AD4030_0/U0/AD4030_spi_inst/baud_count_limit_reg[4]_LDC/G is not reached by a timing clock
Related violations: <none>

TIMING-20#18 Warning
Non-clocked latch  
The latch AD4030_BD_i/AD4030_0/U0/AD4030_spi_inst/baud_count_limit_reg[5]_LDC cannot be properly analyzed as its control pin AD4030_BD_i/AD4030_0/U0/AD4030_spi_inst/baud_count_limit_reg[5]_LDC/G is not reached by a timing clock
Related violations: <none>

TIMING-20#19 Warning
Non-clocked latch  
The latch AD4030_BD_i/AD4030_0/U0/AD4030_spi_inst/baud_count_limit_reg[6]_LDC cannot be properly analyzed as its control pin AD4030_BD_i/AD4030_0/U0/AD4030_spi_inst/baud_count_limit_reg[6]_LDC/G is not reached by a timing clock
Related violations: <none>

TIMING-20#20 Warning
Non-clocked latch  
The latch AD4030_BD_i/AD4030_0/U0/AD4030_spi_inst/baud_count_limit_reg[7]_LDC cannot be properly analyzed as its control pin AD4030_BD_i/AD4030_0/U0/AD4030_spi_inst/baud_count_limit_reg[7]_LDC/G is not reached by a timing clock
Related violations: <none>

TIMING-20#21 Warning
Non-clocked latch  
The latch AD4030_BD_i/AD4030_0/U0/AD4030_spi_inst/baud_count_limit_reg[8]_LDC cannot be properly analyzed as its control pin AD4030_BD_i/AD4030_0/U0/AD4030_spi_inst/baud_count_limit_reg[8]_LDC/G is not reached by a timing clock
Related violations: <none>

TIMING-20#22 Warning
Non-clocked latch  
The latch AD4030_BD_i/AD4030_0/U0/AD4030_spi_inst/baud_count_limit_reg[9]_LDC cannot be properly analyzed as its control pin AD4030_BD_i/AD4030_0/U0/AD4030_spi_inst/baud_count_limit_reg[9]_LDC/G is not reached by a timing clock
Related violations: <none>

TIMING-20#23 Warning
Non-clocked latch  
The latch AD4030_BD_i/AD4030_0/U0/AD4030_spi_inst/cnv_generator/pulse_out_reg/L7 (in AD4030_BD_i/AD4030_0/U0/AD4030_spi_inst/cnv_generator/pulse_out_reg macro) cannot be properly analyzed as its control pin AD4030_BD_i/AD4030_0/U0/AD4030_spi_inst/cnv_generator/pulse_out_reg/L7/G is not reached by a timing clock
Related violations: <none>

XDCB-5#1 Warning
Runtime inefficient way to find pin objects  
The option '-from : [get_pins -hierarchical -filter {NAME =~ *ila_core_inst/u_trig/N_DDR_TC.N_DDR_TC_INST[*].U_TC/allx_typeA_match_detection.ltlib_v1_0_2_allx_typeA_inst/DUT/u_srl_drive/CLK}]' of constraint 'set_false_path' uses inefficient query to find pin objects (see constraint position '45' in the Timing Constraint window in Vivado IDE). To reduce runtime, it is recommended to get the pins through the cell objects. Please refer to Using Constraints Guide (Constraints Efficiency). An example of optimal query is: get_pins -filter {REF_PIN_NAME=~yy*} -of_objects [get_cells -hierarchical xx*].
Current XDC: /home/grzegorz/git/ARTY_Z7/AD4030/Software/vivado/workbench/workbench.gen/sources_1/bd/AD4030_BD/ip/AD4030_BD_system_ila_0_0/bd_0/ip/ip_0/ila_v6_2/constraints/ila.xdc (Line: 72)
Related violations: <none>

XDCB-5#2 Warning
Runtime inefficient way to find pin objects  
The option '-to : [get_pins -hierarchical -filter {NAME =~ *ila_core_inst/u_trig/N_DDR_TC.N_DDR_TC_INST[*].U_TC/yes_output_reg.dout_reg_reg/D}]' of constraint 'set_false_path' uses inefficient query to find pin objects (see constraint position '45' in the Timing Constraint window in Vivado IDE). To reduce runtime, it is recommended to get the pins through the cell objects. Please refer to Using Constraints Guide (Constraints Efficiency). An example of optimal query is: get_pins -filter {REF_PIN_NAME=~yy*} -of_objects [get_cells -hierarchical xx*].
Current XDC: /home/grzegorz/git/ARTY_Z7/AD4030/Software/vivado/workbench/workbench.gen/sources_1/bd/AD4030_BD/ip/AD4030_BD_system_ila_0_0/bd_0/ip/ip_0/ila_v6_2/constraints/ila.xdc (Line: 72)
Related violations: <none>

LATCH-1#1 Advisory
Existing latches in the design  
There are 23 latches found in the design. Inferred latches are often the result of HDL coding mistakes, such as incomplete if or case statements.
Related violations: <none>


